// Jest Snapshot v1, https://goo.gl/fbAQLP

exports[`The \`generate\` command throws an error if you don't pass any args 1`] = `
"Command failed: ./bin/run generate
 ›   Error: Missing 1 required arg:
 ›   templateName  the template you want to use
 ›   See more help with --help
"
`;

exports[`The \`generate\` command throws an error when you pass an invalid flag 1`] = `
"Command failed: ./bin/run generate fake-component -n FakeComponent
 ›   Error: Expected fake-component to be one of: react-component,
 ›   react-typescript-component, react-native-typescript-component,
 ›   react-native-typescript-screen, react-native-e2e, util-typescript
 ›   See more help with --help
"
`;
