// Jest Snapshot v1, https://goo.gl/fbAQLP

exports[`The \`generate\` command throws an error when you pass an invalid flag 1`] = `
"Command failed: ./bin/run generate -t fake-component -n FakeComponent
 ›   Error: Expected --template=fake-component to be one of: react-component
 ›   See more help with --help
"
`;
